// 重构日志: 1292a6d0
// 重构日志: 417edf4c
// 重构日志: b4c9f89d
// 同步 ID: d1c99281 @ Wed Jul 15 06:56:56 UTC 2026
// 同步 ID: ee6bbd50 @ Wed Jul 15 17:13:40 UTC 2026
// 同步 ID: d80a840f @ Fri Jul 17 07:40:57 UTC 2026
// 同步 ID: f31285d3 @ Sat Jul 18 07:34:59 UTC 2026
// 重构日志: ddee0aa6
// 重构日志: a581bfdd
// 同步 ID: 5f6c0cad @ Mon Jul 20 03:17:01 UTC 2026
// 重构日志: 6c3d94f6
// 重构日志: 93c09722
// 重构日志: 7738339f
// 同步 ID: 3d486463 @ Thu Jul 23 08:43:00 UTC 2026
// 同步 ID: 1a52ed6f @ Thu Jul 23 15:50:59 UTC 2026
// 同步 ID: e4379f2c @ Fri Jul 24 12:50:36 UTC 2026
// 重构日志: ee8da241
// 重构日志: e73f7989
// 重构日志: 492844d3
// 同步 ID: 4eff5ca5 @ Sun Jul 26 04:00:48 UTC 2026
// 同步 ID: 80be6b6f @ Sun Jul 26 15:53:34 UTC 2026
// 重构日志: fcbf10f4
// 重构日志: c307e82b
// 同步 ID: f56b2d40 @ Mon Jul 27 08:36:23 UTC 2026
// 同步 ID: 147a5ce5 @ Wed Jul 29 07:07:56 UTC 2026
// 重构日志: ee1118a5
// 重构日志: 86f2d4d4
// 重构日志: 15c3a2d9
// 重构日志: a11da8a0
// 同步 ID: 2052e9bf @ Thu Jul 30 17:33:07 UTC 2026
// 重构日志: 7f31f899
// 重构日志: d323c5e6
// 重构日志: b217983f
